---
http_interactions:
- request:
    method: post
    uri: https://cmr.earthdata.nasa.gov/legacy-services/rest/order_information.json
    body:
      encoding: UTF-8
      string: catalog_item_id%5B%5D=G1575821651-LANCEAMSR2&catalog_item_id%5B%5D=G1575819475-LANCEAMSR2&catalog_item_id%5B%5D=G1575797056-LANCEAMSR2&catalog_item_id%5B%5D=G1575796174-LANCEAMSR2&catalog_item_id%5B%5D=G1575785077-LANCEAMSR2&catalog_item_id%5B%5D=G1575784961-LANCEAMSR2&catalog_item_id%5B%5D=G1575771321-LANCEAMSR2&catalog_item_id%5B%5D=G1575768587-LANCEAMSR2&catalog_item_id%5B%5D=G1575752970-LANCEAMSR2&catalog_item_id%5B%5D=G1575752531-LANCEAMSR2&catalog_item_id%5B%5D=G1575719922-LANCEAMSR2&catalog_item_id%5B%5D=G1575718887-LANCEAMSR2&catalog_item_id%5B%5D=G1575696517-LANCEAMSR2&catalog_item_id%5B%5D=G1575695038-LANCEAMSR2&catalog_item_id%5B%5D=G1575669745-LANCEAMSR2&catalog_item_id%5B%5D=G1575669449-LANCEAMSR2&catalog_item_id%5B%5D=G1575657688-LANCEAMSR2&catalog_item_id%5B%5D=G1575657393-LANCEAMSR2&catalog_item_id%5B%5D=G1575648807-LANCEAMSR2&catalog_item_id%5B%5D=G1575648688-LANCEAMSR2
    headers:
      User-Agent:
      - Faraday v0.9.2
      Content-Type:
      - application/x-www-form-urlencoded
      Echo-Token:
      - edsc
  recorded_at: Wed, 05 Dec 2018 23:27:50 GMT
  digest: 8c6cccc61866023b5b7a21085502c41673f56db1
- request:
    method: post
    uri: https://cmr.earthdata.nasa.gov/legacy-services/rest/order_information.json
    body:
      encoding: UTF-8
      string: catalog_item_id%5B%5D=G1581435023-LANCEAMSR2&catalog_item_id%5B%5D=G1581429127-LANCEAMSR2&catalog_item_id%5B%5D=G1581428959-LANCEAMSR2&catalog_item_id%5B%5D=G1581421092-LANCEAMSR2&catalog_item_id%5B%5D=G1581420756-LANCEAMSR2&catalog_item_id%5B%5D=G1581412461-LANCEAMSR2&catalog_item_id%5B%5D=G1581412192-LANCEAMSR2&catalog_item_id%5B%5D=G1581391898-LANCEAMSR2&catalog_item_id%5B%5D=G1581390805-LANCEAMSR2&catalog_item_id%5B%5D=G1581368186-LANCEAMSR2&catalog_item_id%5B%5D=G1581367799-LANCEAMSR2&catalog_item_id%5B%5D=G1581350282-LANCEAMSR2&catalog_item_id%5B%5D=G1581350085-LANCEAMSR2&catalog_item_id%5B%5D=G1581346567-LANCEAMSR2&catalog_item_id%5B%5D=G1581346373-LANCEAMSR2&catalog_item_id%5B%5D=G1581340320-LANCEAMSR2&catalog_item_id%5B%5D=G1581340209-LANCEAMSR2&catalog_item_id%5B%5D=G1581336449-LANCEAMSR2&catalog_item_id%5B%5D=G1581336386-LANCEAMSR2&catalog_item_id%5B%5D=G1581334223-LANCEAMSR2
    headers:
      User-Agent:
      - Faraday v0.9.2
      Content-Type:
      - application/x-www-form-urlencoded
      Echo-Token:
      - edsc
  recorded_at: Mon, 31 Dec 2018 21:12:58 GMT
  digest: 275ec3ee26eb9f9fe68ff675c87e8e07db2fcbd0
- request:
    method: post
    uri: https://cmr.earthdata.nasa.gov/legacy-services/rest/order_information.json
    body:
      encoding: UTF-8
      string: catalog_item_id%5B%5D=G1582484953-LANCEAMSR2&catalog_item_id%5B%5D=G1582484740-LANCEAMSR2&catalog_item_id%5B%5D=G1582480692-LANCEAMSR2&catalog_item_id%5B%5D=G1582480397-LANCEAMSR2&catalog_item_id%5B%5D=G1582471517-LANCEAMSR2&catalog_item_id%5B%5D=G1582470236-LANCEAMSR2&catalog_item_id%5B%5D=G1582438098-LANCEAMSR2&catalog_item_id%5B%5D=G1582434382-LANCEAMSR2&catalog_item_id%5B%5D=G1582388381-LANCEAMSR2&catalog_item_id%5B%5D=G1582387714-LANCEAMSR2&catalog_item_id%5B%5D=G1582367866-LANCEAMSR2&catalog_item_id%5B%5D=G1582367428-LANCEAMSR2&catalog_item_id%5B%5D=G1582361391-LANCEAMSR2&catalog_item_id%5B%5D=G1582361329-LANCEAMSR2&catalog_item_id%5B%5D=G1582354950-LANCEAMSR2&catalog_item_id%5B%5D=G1582354876-LANCEAMSR2&catalog_item_id%5B%5D=G1582350394-LANCEAMSR2&catalog_item_id%5B%5D=G1582350346-LANCEAMSR2&catalog_item_id%5B%5D=G1582347855-LANCEAMSR2&catalog_item_id%5B%5D=G1582347644-LANCEAMSR2
    headers:
      User-Agent:
      - Faraday v0.9.2
      Content-Type:
      - application/x-www-form-urlencoded
      Echo-Token:
      - edsc
  recorded_at: Mon, 07 Jan 2019 21:12:40 GMT
  digest: f8587242eb4ab46895ea50fe7aeef110f1c2ad70
- request:
    method: post
    uri: https://cmr.earthdata.nasa.gov/legacy-services/rest/order_information.json
    body:
      encoding: UTF-8
      string: catalog_item_id%5B%5D=G1588516459-NSIDC_ECS&catalog_item_id%5B%5D=G1588517152-NSIDC_ECS&catalog_item_id%5B%5D=G1588516453-NSIDC_ECS&catalog_item_id%5B%5D=G1588517057-NSIDC_ECS&catalog_item_id%5B%5D=G1588516451-NSIDC_ECS&catalog_item_id%5B%5D=G1588517052-NSIDC_ECS&catalog_item_id%5B%5D=G1588517107-NSIDC_ECS&catalog_item_id%5B%5D=G1588515468-NSIDC_ECS
    headers:
      User-Agent:
      - Faraday v0.9.2
      Content-Type:
      - application/x-www-form-urlencoded
      Client-Id:
      - eed-edsc-dev
      Echo-ClientId:
      - eed-edsc-dev
      Echo-Token:
      - edsc
  recorded_at: Wed, 27 Feb 2019 20:07:05 GMT
  digest: b09cee6b0b5854b31772a57cad13b369de10d121
- request:
    method: post
    uri: https://cmr.earthdata.nasa.gov/legacy-services/rest/order_information.json
    body:
      encoding: UTF-8
      string: catalog_item_id%5B%5D=G1588517059-NSIDC_ECS&catalog_item_id%5B%5D=G1588517111-NSIDC_ECS&catalog_item_id%5B%5D=G1588516998-NSIDC_ECS&catalog_item_id%5B%5D=G1588516421-NSIDC_ECS&catalog_item_id%5B%5D=G1588516939-NSIDC_ECS&catalog_item_id%5B%5D=G1588517018-NSIDC_ECS&catalog_item_id%5B%5D=G1588517105-NSIDC_ECS&catalog_item_id%5B%5D=G1588517173-NSIDC_ECS&catalog_item_id%5B%5D=G1588515134-NSIDC_ECS&catalog_item_id%5B%5D=G1588515135-NSIDC_ECS&catalog_item_id%5B%5D=G1588515159-NSIDC_ECS&catalog_item_id%5B%5D=G1588515478-NSIDC_ECS&catalog_item_id%5B%5D=G1588516953-NSIDC_ECS&catalog_item_id%5B%5D=G1588520396-NSIDC_ECS&catalog_item_id%5B%5D=G1588520464-NSIDC_ECS&catalog_item_id%5B%5D=G1588516436-NSIDC_ECS&catalog_item_id%5B%5D=G1588516471-NSIDC_ECS&catalog_item_id%5B%5D=G1588520577-NSIDC_ECS&catalog_item_id%5B%5D=G1588516907-NSIDC_ECS&catalog_item_id%5B%5D=G1588516413-NSIDC_ECS
    headers:
      User-Agent:
      - Faraday v0.9.2
      Content-Type:
      - application/x-www-form-urlencoded
      Client-Id:
      - eed-edsc-dev
      Echo-ClientId:
      - eed-edsc-dev
      Echo-Token:
      - edsc
  recorded_at: Wed, 27 Feb 2019 20:07:23 GMT
  digest: 9cf663171d589eaa3e5007a410d0cc60261ea283
- request:
    method: post
    uri: https://cmr.sit.earthdata.nasa.gov/legacy-services/rest/order_information.json
    body:
      encoding: UTF-8
      string: catalog_item_id%5B%5D=G1000003917-DEV08&catalog_item_id%5B%5D=G1000003919-DEV08&catalog_item_id%5B%5D=G1000003920-DEV08&catalog_item_id%5B%5D=G1000003924-DEV08&catalog_item_id%5B%5D=G1000003988-DEV08&catalog_item_id%5B%5D=G1000003991-DEV08&catalog_item_id%5B%5D=G1000003994-DEV08&catalog_item_id%5B%5D=G1000003995-DEV08&catalog_item_id%5B%5D=G1000004016-DEV08&catalog_item_id%5B%5D=G1000004020-DEV08&catalog_item_id%5B%5D=G1000007644-DEV08&catalog_item_id%5B%5D=G1000007640-DEV08&catalog_item_id%5B%5D=G1000007641-DEV08&catalog_item_id%5B%5D=G1000007642-DEV08&catalog_item_id%5B%5D=G1000007643-DEV08&catalog_item_id%5B%5D=G1000003930-DEV08&catalog_item_id%5B%5D=G1000003931-DEV08&catalog_item_id%5B%5D=G1000003933-DEV08&catalog_item_id%5B%5D=G1000003936-DEV08&catalog_item_id%5B%5D=G1000003938-DEV08
    headers:
      User-Agent:
      - Faraday v0.9.2
      Content-Type:
      - application/x-www-form-urlencoded
      Echo-Token:
      - edsc
  recorded_at: Wed, 24 Oct 2018 17:57:24 GMT
  digest: 38cd90b8c0de7409bfc97932d4022124a6dab98a
- request:
    method: post
    uri: https://cmr.sit.earthdata.nasa.gov/legacy-services/rest/order_information.json
    body:
      encoding: UTF-8
      string: catalog_item_id%5B%5D=G1000007017-DEV08&catalog_item_id%5B%5D=G1000007024-DEV08&catalog_item_id%5B%5D=G1000007019-DEV08&catalog_item_id%5B%5D=G1000007018-DEV08&catalog_item_id%5B%5D=G1000007020-DEV08&catalog_item_id%5B%5D=G1000007022-DEV08&catalog_item_id%5B%5D=G1000007016-DEV08&catalog_item_id%5B%5D=G1000007021-DEV08&catalog_item_id%5B%5D=G1000007023-DEV08
    headers:
      User-Agent:
      - Faraday v0.9.2
      Content-Type:
      - application/x-www-form-urlencoded
      Echo-Token:
      - edsc
  recorded_at: Fri, 02 Nov 2018 19:40:49 GMT
  digest: 6d26e999b182a7fc901f19e7fd3540cdaf38b7d4
- request:
    method: post
    uri: https://cmr.sit.earthdata.nasa.gov/legacy-services/rest/order_information.json
    body:
      encoding: UTF-8
      string: catalog_item_id%5B%5D=G1000007640-DEV08&catalog_item_id%5B%5D=G1000007641-DEV08&catalog_item_id%5B%5D=G1000007642-DEV08&catalog_item_id%5B%5D=G1000007643-DEV08
    headers:
      User-Agent:
      - Faraday v0.9.2
      Content-Type:
      - application/x-www-form-urlencoded
      Echo-Token:
      - edsc
  recorded_at: Thu, 17 Jan 2019 15:54:53 GMT
  digest: 61e5b174f3ec6dd4a621c66be8e67dea50a5279c
- request:
    method: post
    uri: https://cmr.sit.earthdata.nasa.gov/legacy-services/rest/order_information.json
    body:
      encoding: UTF-8
      string: catalog_item_id%5B%5D=G1000007644-DEV08&catalog_item_id%5B%5D=G1000007640-DEV08&catalog_item_id%5B%5D=G1000007641-DEV08&catalog_item_id%5B%5D=G1000007642-DEV08&catalog_item_id%5B%5D=G1000007643-DEV08
    headers:
      User-Agent:
      - Faraday v0.9.2
      Content-Type:
      - application/x-www-form-urlencoded
      Echo-Token:
      - edsc
  recorded_at: Thu, 17 Jan 2019 15:55:01 GMT
  digest: 41c6922307b0d2a03bd0506ab18cd4550aa09c39
- request:
    method: post
    uri: https://cmr.sit.earthdata.nasa.gov/legacy-services/rest/order_information.json
    body:
      encoding: UTF-8
      string: catalog_item_id%5B%5D=G1200240794-DEV08&catalog_item_id%5B%5D=G1200240797-DEV08&catalog_item_id%5B%5D=G1200240807-DEV08&catalog_item_id%5B%5D=G1200240808-DEV08&catalog_item_id%5B%5D=G1200240784-DEV08&catalog_item_id%5B%5D=G1200240793-DEV08&catalog_item_id%5B%5D=G1200240795-DEV08&catalog_item_id%5B%5D=G1200240819-DEV08&catalog_item_id%5B%5D=G1200240781-DEV08&catalog_item_id%5B%5D=G1200240785-DEV08&catalog_item_id%5B%5D=G1200240792-DEV08&catalog_item_id%5B%5D=G1200240800-DEV08&catalog_item_id%5B%5D=G1200240782-DEV08&catalog_item_id%5B%5D=G1200240787-DEV08&catalog_item_id%5B%5D=G1200240791-DEV08&catalog_item_id%5B%5D=G1200240777-DEV08&catalog_item_id%5B%5D=G1200240779-DEV08&catalog_item_id%5B%5D=G1200240788-DEV08&catalog_item_id%5B%5D=G1200240796-DEV08&catalog_item_id%5B%5D=G1200240798-DEV08&catalog_item_id%5B%5D=G1200240799-DEV08&catalog_item_id%5B%5D=G1200240801-DEV08&catalog_item_id%5B%5D=G1200240802-DEV08&catalog_item_id%5B%5D=G1200240803-DEV08&catalog_item_id%5B%5D=G1200240804-DEV08&catalog_item_id%5B%5D=G1200240805-DEV08&catalog_item_id%5B%5D=G1200240806-DEV08&catalog_item_id%5B%5D=G1200240809-DEV08&catalog_item_id%5B%5D=G1200240810-DEV08&catalog_item_id%5B%5D=G1200240811-DEV08&catalog_item_id%5B%5D=G1200240812-DEV08&catalog_item_id%5B%5D=G1200240813-DEV08&catalog_item_id%5B%5D=G1200240815-DEV08&catalog_item_id%5B%5D=G1200240820-DEV08&catalog_item_id%5B%5D=G1200240821-DEV08&catalog_item_id%5B%5D=G1200240816-DEV08&catalog_item_id%5B%5D=G1200240789-DEV08&catalog_item_id%5B%5D=G1200240786-DEV08&catalog_item_id%5B%5D=G1200240783-DEV08&catalog_item_id%5B%5D=G1200240817-DEV08&catalog_item_id%5B%5D=G1200240814-DEV08&catalog_item_id%5B%5D=G1200240790-DEV08&catalog_item_id%5B%5D=G1200240778-DEV08&catalog_item_id%5B%5D=G1200240780-DEV08&catalog_item_id%5B%5D=G1200240818-DEV08
    headers:
      User-Agent:
      - Faraday v0.9.2
      Content-Type:
      - application/x-www-form-urlencoded
      Echo-Token:
      - edsc
  recorded_at: Thu, 01 Nov 2018 22:13:50 GMT
  digest: f74e3838004590074acb3a56cd5ee669b639c659
- request:
    method: post
    uri: https://cmr.sit.earthdata.nasa.gov/legacy-services/rest/order_information.json
    body:
      encoding: UTF-8
      string: catalog_item_id%5B%5D=G1200240794-DEV08&catalog_item_id%5B%5D=G1200240797-DEV08&catalog_item_id%5B%5D=G1200240807-DEV08&catalog_item_id%5B%5D=G1200240808-DEV08&catalog_item_id%5B%5D=G1200240784-DEV08&catalog_item_id%5B%5D=G1200240793-DEV08&catalog_item_id%5B%5D=G1200240795-DEV08&catalog_item_id%5B%5D=G1200240819-DEV08&catalog_item_id%5B%5D=G1200240781-DEV08&catalog_item_id%5B%5D=G1200240785-DEV08&catalog_item_id%5B%5D=G1200240792-DEV08&catalog_item_id%5B%5D=G1200240800-DEV08&catalog_item_id%5B%5D=G1200240782-DEV08&catalog_item_id%5B%5D=G1200240787-DEV08&catalog_item_id%5B%5D=G1200240791-DEV08&catalog_item_id%5B%5D=G1200240777-DEV08&catalog_item_id%5B%5D=G1200240779-DEV08&catalog_item_id%5B%5D=G1200240788-DEV08&catalog_item_id%5B%5D=G1200240796-DEV08&catalog_item_id%5B%5D=G1200240798-DEV08
    headers:
      User-Agent:
      - Faraday v0.9.2
      Content-Type:
      - application/x-www-form-urlencoded
      Echo-Token:
      - edsc
  recorded_at: Thu, 01 Nov 2018 22:13:40 GMT
  digest: d19fd52cfa12b2e7b55c0bd45f9b55184366002e
- request:
    method: post
    uri: https://cmr.uat.earthdata.nasa.gov/legacy-services/rest/order_information.json
    body:
      encoding: UTF-8
      string: catalog_item_id%5B%5D=G1222932965-EDF_OPS&catalog_item_id%5B%5D=G1222933198-EDF_OPS&catalog_item_id%5B%5D=G1222933199-EDF_OPS&catalog_item_id%5B%5D=G1222932892-EDF_OPS&catalog_item_id%5B%5D=G1222932967-EDF_OPS&catalog_item_id%5B%5D=G1222933213-EDF_OPS&catalog_item_id%5B%5D=G1222933238-EDF_OPS&catalog_item_id%5B%5D=G1222933248-EDF_OPS&catalog_item_id%5B%5D=G1222933246-EDF_OPS&catalog_item_id%5B%5D=G1222933285-EDF_OPS&catalog_item_id%5B%5D=G1222933269-EDF_OPS&catalog_item_id%5B%5D=G1222933236-EDF_OPS&catalog_item_id%5B%5D=G1222933193-EDF_OPS&catalog_item_id%5B%5D=G1222933217-EDF_OPS&catalog_item_id%5B%5D=G1222933050-EDF_OPS&catalog_item_id%5B%5D=G1222933195-EDF_OPS&catalog_item_id%5B%5D=G1222932920-EDF_OPS&catalog_item_id%5B%5D=G1222933039-EDF_OPS&catalog_item_id%5B%5D=G1222933275-EDF_OPS&catalog_item_id%5B%5D=G1222933343-EDF_OPS
    headers:
      User-Agent:
      - Faraday v0.9.2
      Content-Type:
      - application/x-www-form-urlencoded
      Echo-Token:
      - edsc
  recorded_at: Mon, 31 Dec 2018 18:15:05 GMT
  digest: 10d1b26a7cfceeb516321666db1ca0513e196ec1
recorded_with: VCR 2.6.0
